2025-09-16T22:50:01Z INFO  server: starting up on 0.0.0.0:8080
2025-09-16T22:50:02Z WARN  config: missing optional key 'feature_x'
2025-09-16T22:50:03Z INFO  db: connected to 10.0.0.12:5432
2025-09-16T22:50:04Z ERROR api: request failed: status=500 path=/v1/items id=abc123
2025-09-16T22:50:05Z DEBUG cache: miss key=user:42
2025-09-16T22:50:06Z INFO  auth: user login ok user=bob ip=192.168.1.77
2025-09-16T22:50:07Z ERROR worker: panic in task 'refresh' backtrace=...
2025-09-16T22:50:08Z INFO  metrics: cpu=17.3% mem=512MiB
2025-09-16T22:50:09Z WARN  disk: space low on /dev/sda1 free=5%
2025-09-16T22:50:10Z INFO  shutdown: received SIGTERM, stopping...
2025-09-16T22:50:07Z ERROR worker: panic in task 'refresh' backtrace=...
2025-09-16T22:50:08Z INFO  metrics: cpu=17.3% mem=512MiB
2025-09-16T22:50:09Z WARN  disk: space low on /dev/sda1 free=5%
2025-09-16T22:50:10Z INFO  shutdown: received SIGTERM, stopping...
2025-09-16T22:50:07Z ERROR worker: panic in task 'refresh' backtrace=...
2025-09-16T22:50:08Z INFO  metrics: cpu=17.3% mem=512MiB
2025-09-16T22:50:09Z WARN  disk: space low on /dev/sda1 free=5%
2025-09-16T22:50:10Z INFO  shutdown: received SIGTERM, stopping...
2025-09-16T22:50:07Z ERROR worker: panic in task 'refresh' backtrace=...
2025-09-16T22:50:08Z INFO  metrics: cpu=17.3% mem=512MiB
2025-09-16T22:50:07Z ERROR worker: panic in task 'refresh' backtrace=...
2025-09-16T22:50:08Z INFO  metrics: cpu=17.3% mem=512MiB
2025-09-16T22:50:09Z WARN  disk: space low on /dev/sda1 free=5%
2025-09-16T22:50:10Z INFO  shutdown: received SIGTERM, stopping...
2025-09-16T22:50:07Z ERROR worker: panic in task 'refresh' backtrace=...
2025-09-16T22:50:08Z INFO  metrics: cpu=17.3% mem=512MiB
2025-09-16T22:50:10Z INFO  shutdown: received SIGTERM, stopping...
2025-09-16T22:50:07Z ERROR worker: panic in task 'refresh' backtrace=...
2025-09-16T22:50:08Z INFO  metrics: cpu=17.3% mem=512MiB
2025-09-16T22:50:09Z WARN  disk: space low on /dev/sda1 free=5%
2025-09-16T22:50:10Z INFO  shutdown: received SIGTERM, stopping...
2025-09-16T22:50:07Z ERROR worker: panic in task 'refresh' backtrace=...
2025-09-16T22:50:08Z INFO  metrics: cpu=17.3% mem=512MiB
2025-09-16T22:50:09Z WARN  disk: space low on /dev/sda1 free=5%
2025-09-16T22:50:09Z WARN  disk: space low on /dev/sda1 free=5%
2025-09-16T22:50:10Z INFO  shutdown: received SIGTERM, stopping...
2025-09-16T22:50:07Z ERROR worker: panic in task 'refresh' backtrace=...
2025-09-16T22:50:08Z INFO  metrics: cpu=17.3% mem=512MiB
2025-09-16T22:50:09Z WARN  disk: space low on /dev/sda1 free=5%
2025-09-16T22:50:09Z WARN  disk: space low on /dev/sda1 free=5%
2025-09-16T22:50:09Z WARN  disk: space low on /dev/sda1 free=5%
2025-09-16T22:50:10Z INFO  shutdown: received SIGTERM, stopping...
2025-09-16T22:50:07Z ERROR worker: panic in task 'refresh' backtrace=...
2025-09-16T22:50:08Z INFO  metrics: cpu=17.3% mem=512MiB
2025-09-16T22:50:09Z WARN  disk: space low on /dev/sda1 free=5%
